[
  {
    "id": "539c5a34-b7b4-4a67-4cc7-08db0e3fd0ab",
    "email": "tklinh2601@gmail.com",
    "createDateTime": "2023-02-14T10:59:04.95",
    "firstName": "Khanh",
    "lastName": "Linh",
    "role": 0,
    "username": "linhtk",
    "description": "Hello World"
  },
  {
    "id": "110a487f-aa36-4794-4cc8-08db0e3fd0ab",
    "email": "linhtruong2601@gmail.com",
    "createDateTime": "2023-02-14T10:59:05.017",
    "firstName": "Con",
    "lastName": "Ga",
    "role": 1,
    "username": "haibaconga",
    "description": "Ga chien nuoc mam"
  }
]